11:26:08 [INFO   ] ----------------------------------------------------------------------------------------------------
11:26:08 [INFO   ] 파이프라인 시작 (source=csv)
11:26:08 [INFO   ] ----------------------------------------------------------------------------------------------------
11:26:08 [INFO   ] [Extract]
11:26:09 [INFO   ]    https://kh-lab.rockua.ai.kr/datasets/raw-prices.csv 로부터 92,721행 읽음
11:26:09 [INFO   ]   92,721 건 수집 (1.1 초)
11:26:09 [INFO   ] [Transfrom]
11:26:09 [INFO   ]    입력    92,721행
11:26:10 [INFO   ]   타입 정제    92,721행
11:26:10 [INFO   ]   중복 제거   90,000행  (-2,721)
11:26:10 [INFO   ]   이상치 탐지/처리   90,000행  (2,535건 -> NaN)
11:26:10 [INFO   ]   OHLC 정합성 처리 전 (종가 결측: 0)
11:26:10 [INFO   ]   OHLC 정합성 처리 후 (종가 결측: 0)
11:26:10 [INFO   ]   정수 반올림 처리  90,000행 (처리 대상: 1,160개)
11:26:10 [INFO   ]    OK   날짜 타입 (datetime)
11:26:10 [INFO   ]    OK   중복 데이터 (0 / code,date)
11:26:10 [INFO   ]    OK   종가 데이터 결측 (0)
11:26:10 [INFO   ]    OK   OHLC 정합성
11:26:10 [INFO   ]    OK   거래량 음수 (0)
11:26:10 [INFO   ]   완료    (1.6 초)
11:26:10 [INFO   ] [Load]
11:26:12 [INFO   ]   적재 완료 - 신규: 90000 건, 갱신: 0 건
11:26:12 [INFO   ]   입력:   90,000 행
11:26:12 [INFO   ]   신규:   90,000 행
11:26:12 [INFO   ]   갱신:        0 행
11:26:12 [INFO   ]   소요:      1.9 초
11:26:12 [INFO   ] [Verify]
11:26:12 [INFO   ]   OK   행 수          90000 / 90000
11:26:12 [INFO   ]   OK   종목 수         120 / 120
11:26:12 [INFO   ]   OK   종가 합계        4165425900 / 4165425900
11:26:12 [INFO   ]   OK   최소 날짜        2023-09-25 / 2023-09-25
11:26:12 [INFO   ]   OK   최대 날짜        2026-09-07 / 2026-09-07
11:26:12 [INFO   ] ----------------------------------------------------------------------------------------------------
11:26:12 [INFO   ]   완료 총 3.7 초
11:26:12 [INFO   ] ----------------------------------------------------------------------------------------------------
11:26:12 [INFO   ] ----------------------------------------------------------------------------------------------------
11:26:12 [INFO   ] 파이프라인 시작 (source=csv)
11:26:12 [INFO   ] ----------------------------------------------------------------------------------------------------
11:26:12 [INFO   ] [Extract]
11:26:13 [INFO   ]    https://kh-lab.rockua.ai.kr/datasets/raw-prices.csv 로부터 92,721행 읽음
11:26:13 [INFO   ]   92,721 건 수집 (1.1 초)
11:26:13 [INFO   ] [Transfrom]
11:26:13 [INFO   ]    입력    92,721행
11:26:13 [INFO   ]   타입 정제    92,721행
11:26:13 [INFO   ]   중복 제거   90,000행  (-2,721)
11:26:13 [INFO   ]   이상치 탐지/처리   90,000행  (2,535건 -> NaN)
11:26:13 [INFO   ]   OHLC 정합성 처리 전 (종가 결측: 0)
11:26:13 [INFO   ]   OHLC 정합성 처리 후 (종가 결측: 0)
11:26:14 [INFO   ]   정수 반올림 처리  90,000행 (처리 대상: 1,160개)
11:26:14 [INFO   ]    OK   날짜 타입 (datetime)
11:26:14 [INFO   ]    OK   중복 데이터 (0 / code,date)
11:26:14 [INFO   ]    OK   종가 데이터 결측 (0)
11:26:14 [INFO   ]    OK   OHLC 정합성
11:26:14 [INFO   ]    OK   거래량 음수 (0)
11:26:14 [INFO   ]   완료    (1.5 초)
11:26:14 [INFO   ] [Load]
11:26:15 [INFO   ]   적재 완료 - 신규: 0 건, 갱신: 90000 건
11:26:15 [INFO   ]   입력:   90,000 행
11:26:15 [INFO   ]   신규:        0 행
11:26:15 [INFO   ]   갱신:   90,000 행
11:26:15 [INFO   ]   소요:      1.1 초
11:26:15 [INFO   ] [Verify]
11:26:15 [INFO   ]   OK   행 수          90000 / 90000
11:26:15 [INFO   ]   OK   종목 수         120 / 120
11:26:15 [INFO   ]   OK   종가 합계        4165425900 / 4165425900
11:26:15 [INFO   ]   OK   최소 날짜        2023-09-25 / 2023-09-25
11:26:15 [INFO   ]   OK   최대 날짜        2026-09-07 / 2026-09-07
11:26:15 [INFO   ] ----------------------------------------------------------------------------------------------------
11:26:15 [INFO   ]   완료 총 2.8 초
11:26:15 [INFO   ] ----------------------------------------------------------------------------------------------------
