11:02:03 [INFO   ] ----------------------------------------------------------------------------------------------------
11:02:03 [INFO   ] 파이프라인 시작 (source=csv)
11:02:03 [INFO   ] ----------------------------------------------------------------------------------------------------
11:02:03 [INFO   ] [Extract]
11:02:04 [INFO   ]    https://kh-lab.rockua.ai.kr/datasets/raw-prices.csv 로부터 92,721행 읽음
11:02:04 [INFO   ]   92,721 건 수집 (1.3 초)
11:02:04 [INFO   ] [Transfrom]
11:02:04 [INFO   ]   입력    92,721 행
11:02:04 [INFO   ]   타입 정제   92,721 행
11:02:05 [INFO   ]   중복 제거   90,000 행  (-2,721)
11:05:11 [INFO   ] ----------------------------------------------------------------------------------------------------
11:05:11 [INFO   ] 파이프라인 시작 (source=csv)
11:05:11 [INFO   ] ----------------------------------------------------------------------------------------------------
11:05:11 [INFO   ] [Extract]
11:05:12 [INFO   ]    https://kh-lab.rockua.ai.kr/datasets/raw-prices.csv 로부터 92,721행 읽음
11:05:12 [INFO   ]   92,721 건 수집 (1.0 초)
11:05:12 [INFO   ] [Transfrom]
11:05:12 [INFO   ]    입력    92,721행
11:05:13 [INFO   ]   타입 정제    92,721행
11:05:13 [INFO   ]   중복 제거   90,000행  (-2,721)
11:05:13 [INFO   ]   이상치 탐지/처리   90,000행  (2,535건 -> NaN)
11:05:13 [INFO   ]   OHLC 정합성 처리 전 (종가 결측: 0)
11:05:13 [INFO   ]   OHLC 정합성 처리 후 (종가 결측: 0)
11:05:13 [INFO   ]   정수 반올림 처리  90,000행 (처리 대상: 1,160개)
11:05:13 [INFO   ]    OK   날짜 타입 (datetime)
11:05:13 [INFO   ]    OK   중복 데이터 (0 / code,date)
11:05:13 [INFO   ]    OK   종가 데이터 결측 (0)
11:05:13 [INFO   ]    OK   OHLC 정합성
11:05:13 [INFO   ]    OK   거래량 음수 (0)
11:05:13 [INFO   ]   완료    (1.5 초)
11:05:13 [INFO   ] [Load]
11:05:13 [WARNING]    적재 실패 (0 ~ 4999)
11:05:13 [ERROR  ]   적재 실패: DatabaseError: DPY-4009: 0 positional bind values are required but 9 were provided
11:08:42 [INFO   ] ----------------------------------------------------------------------------------------------------
11:08:42 [INFO   ] 파이프라인 시작 (source=csv)
11:08:42 [INFO   ] ----------------------------------------------------------------------------------------------------
11:08:42 [INFO   ] [Extract]
11:08:43 [INFO   ]    https://kh-lab.rockua.ai.kr/datasets/raw-prices.csv 로부터 92,721행 읽음
11:08:43 [INFO   ]   92,721 건 수집 (1.0 초)
11:08:43 [INFO   ] [Transfrom]
11:08:44 [INFO   ]    입력    92,721행
11:08:44 [INFO   ]   타입 정제    92,721행
11:08:44 [INFO   ]   중복 제거   90,000행  (-2,721)
11:08:44 [INFO   ]   이상치 탐지/처리   90,000행  (2,535건 -> NaN)
11:08:44 [INFO   ]   OHLC 정합성 처리 전 (종가 결측: 0)
11:08:44 [INFO   ]   OHLC 정합성 처리 후 (종가 결측: 0)
11:08:44 [INFO   ]   정수 반올림 처리  90,000행 (처리 대상: 1,160개)
11:08:44 [INFO   ]    OK   날짜 타입 (datetime)
11:08:44 [INFO   ]    OK   중복 데이터 (0 / code,date)
11:08:44 [INFO   ]    OK   종가 데이터 결측 (0)
11:08:44 [INFO   ]    OK   OHLC 정합성
11:08:44 [INFO   ]    OK   거래량 음수 (0)
11:08:44 [INFO   ]   완료    (1.5 초)
11:08:44 [INFO   ] [Load]
11:08:44 [WARNING]    적재 실패 (0 ~ 4999)
11:08:44 [ERROR  ]     적재 실패: DatabaseError: ORA-00904: "SRC"."LOASE": 부적합한 식별자
Help: https://docs.oracle.com/error-help/db/ora-00904/
11:09:39 [INFO   ] ----------------------------------------------------------------------------------------------------
11:09:39 [INFO   ] 파이프라인 시작 (source=csv)
11:09:39 [INFO   ] ----------------------------------------------------------------------------------------------------
11:09:39 [INFO   ] [Extract]
11:09:40 [INFO   ]    https://kh-lab.rockua.ai.kr/datasets/raw-prices.csv 로부터 92,721행 읽음
11:09:40 [INFO   ]   92,721 건 수집 (1.0 초)
11:09:40 [INFO   ] [Transfrom]
11:09:40 [INFO   ]    입력    92,721행
11:09:40 [INFO   ]   타입 정제    92,721행
11:09:40 [INFO   ]   중복 제거   90,000행  (-2,721)
11:09:40 [INFO   ]   이상치 탐지/처리   90,000행  (2,535건 -> NaN)
11:09:41 [INFO   ]   OHLC 정합성 처리 전 (종가 결측: 0)
11:09:41 [INFO   ]   OHLC 정합성 처리 후 (종가 결측: 0)
11:09:41 [INFO   ]   정수 반올림 처리  90,000행 (처리 대상: 1,160개)
11:09:41 [INFO   ]    OK   날짜 타입 (datetime)
11:09:41 [INFO   ]    OK   중복 데이터 (0 / code,date)
11:09:41 [INFO   ]    OK   종가 데이터 결측 (0)
11:09:41 [INFO   ]    OK   OHLC 정합성
11:09:41 [INFO   ]    OK   거래량 음수 (0)
11:09:41 [INFO   ]   완료    (1.5 초)
11:09:41 [INFO   ] [Load]
11:09:43 [INFO   ]   적재 완료 - 신규: 89000 건, 갱신: 1000 건
11:09:43 [INFO   ]   입력:   90,000 행
11:09:43 [INFO   ]   신규:   89,000 행
11:09:43 [INFO   ]   갱신:    1,000 행
11:09:43 [INFO   ]   소요:      2.2 초
11:09:43 [INFO   ] [Verify]
11:16:58 [INFO   ] ----------------------------------------------------------------------------------------------------
11:16:58 [INFO   ] 파이프라인 시작 (source=csv)
11:16:58 [INFO   ] ----------------------------------------------------------------------------------------------------
11:16:58 [INFO   ] [Extract]
11:16:59 [INFO   ]    https://kh-lab.rockua.ai.kr/datasets/raw-prices.csv 로부터 92,721행 읽음
11:16:59 [INFO   ]   92,721 건 수집 (1.0 초)
11:16:59 [INFO   ] [Transfrom]
11:16:59 [INFO   ]    입력    92,721행
11:17:00 [INFO   ]   타입 정제    92,721행
11:17:00 [INFO   ]   중복 제거   90,000행  (-2,721)
11:17:00 [INFO   ]   이상치 탐지/처리   90,000행  (2,535건 -> NaN)
11:17:00 [INFO   ]   OHLC 정합성 처리 전 (종가 결측: 0)
11:17:00 [INFO   ]   OHLC 정합성 처리 후 (종가 결측: 0)
11:17:00 [INFO   ]   정수 반올림 처리  90,000행 (처리 대상: 1,160개)
11:17:00 [INFO   ]    OK   날짜 타입 (datetime)
11:17:00 [INFO   ]    OK   중복 데이터 (0 / code,date)
11:17:00 [INFO   ]    OK   종가 데이터 결측 (0)
11:17:00 [INFO   ]    OK   OHLC 정합성
11:17:00 [INFO   ]    OK   거래량 음수 (0)
11:17:00 [INFO   ]   완료    (1.5 초)
11:17:00 [INFO   ] [Load]
11:17:01 [INFO   ]   적재 완료 - 신규: 0 건, 갱신: 90000 건
11:17:01 [INFO   ]   입력:   90,000 행
11:17:01 [INFO   ]   신규:        0 행
11:17:01 [INFO   ]   갱신:   90,000 행
11:17:01 [INFO   ]   소요:      1.1 초
11:17:01 [INFO   ] [Verify]
11:17:01 [INFO   ]   OK   행 수          90000 / 90000
11:17:01 [INFO   ]   OK   종목 수         120 / 120
11:17:01 [INFO   ]   OK   종가 합계        4165425900 / 4165425900
11:17:01 [INFO   ]   OK   최소 날짜        2023-09-25 / 2023-09-25
11:17:01 [INFO   ]   OK   최대 날짜        2026-09-07 / 2026-09-07
11:17:01 [INFO   ] ----------------------------------------------------------------------------------------------------
11:17:01 [INFO   ]   완료 총 2.8 초
11:17:01 [INFO   ] ----------------------------------------------------------------------------------------------------
11:19:39 [INFO   ] ----------------------------------------------------------------------------------------------------
11:19:39 [INFO   ] 파이프라인 시작 (source=csv)
11:19:39 [INFO   ] ----------------------------------------------------------------------------------------------------
11:19:39 [INFO   ] [Extract]
11:19:40 [INFO   ]    https://kh-lab.rockua.ai.kr/datasets/raw-prices.csv 로부터 92,721행 읽음
11:19:40 [INFO   ]   92,721 건 수집 (1.1 초)
11:19:40 [INFO   ] [Transfrom]
11:19:40 [INFO   ]    입력    92,721행
11:19:40 [INFO   ]   타입 정제    92,721행
11:19:40 [INFO   ]   중복 제거   90,000행  (-2,721)
11:19:40 [INFO   ]   이상치 탐지/처리   90,000행  (2,535건 -> NaN)
11:19:40 [INFO   ]   OHLC 정합성 처리 전 (종가 결측: 0)
11:19:40 [INFO   ]   OHLC 정합성 처리 후 (종가 결측: 0)
11:19:40 [INFO   ]   정수 반올림 처리  90,000행 (처리 대상: 1,160개)
11:19:40 [INFO   ]    OK   날짜 타입 (datetime)
11:19:40 [INFO   ]    OK   중복 데이터 (0 / code,date)
11:19:40 [INFO   ]    OK   종가 데이터 결측 (0)
11:19:40 [INFO   ]    OK   OHLC 정합성
11:19:40 [INFO   ]    OK   거래량 음수 (0)
11:19:40 [INFO   ]   완료    (1.6 초)
11:19:40 [INFO   ] [Load]
11:19:43 [INFO   ]   적재 완료 - 신규: 90000 건, 갱신: 0 건
11:19:43 [INFO   ]   입력:   90,000 행
11:19:43 [INFO   ]   신규:   90,000 행
11:19:43 [INFO   ]   갱신:        0 행
11:19:43 [INFO   ]   소요:      2.2 초
11:19:43 [INFO   ] [Verify]
11:19:43 [INFO   ]   OK   행 수          90000 / 90000
11:19:43 [INFO   ]   OK   종목 수         120 / 120
11:19:43 [INFO   ]   OK   종가 합계        4165425900 / 4165425900
11:19:43 [INFO   ]   OK   최소 날짜        2023-09-25 / 2023-09-25
11:19:43 [INFO   ]   OK   최대 날짜        2026-09-07 / 2026-09-07
11:19:43 [INFO   ] ----------------------------------------------------------------------------------------------------
11:19:43 [INFO   ]   완료 총 4.1 초
11:19:43 [INFO   ] ----------------------------------------------------------------------------------------------------
11:19:43 [INFO   ] ----------------------------------------------------------------------------------------------------
11:19:43 [INFO   ] 파이프라인 시작 (source=csv)
11:19:43 [INFO   ] ----------------------------------------------------------------------------------------------------
11:19:43 [INFO   ] [Extract]
11:19:44 [INFO   ]    https://kh-lab.rockua.ai.kr/datasets/raw-prices.csv 로부터 92,721행 읽음
11:19:44 [INFO   ]   92,721 건 수집 (1.0 초)
11:19:44 [INFO   ] [Transfrom]
11:19:44 [INFO   ]    입력    92,721행
11:19:44 [INFO   ]   타입 정제    92,721행
11:19:44 [INFO   ]   중복 제거   90,000행  (-2,721)
11:19:44 [INFO   ]   이상치 탐지/처리   90,000행  (2,535건 -> NaN)
11:19:44 [INFO   ]   OHLC 정합성 처리 전 (종가 결측: 0)
11:19:44 [INFO   ]   OHLC 정합성 처리 후 (종가 결측: 0)
11:19:44 [INFO   ]   정수 반올림 처리  90,000행 (처리 대상: 1,160개)
11:19:44 [INFO   ]    OK   날짜 타입 (datetime)
11:19:44 [INFO   ]    OK   중복 데이터 (0 / code,date)
11:19:44 [INFO   ]    OK   종가 데이터 결측 (0)
11:19:44 [INFO   ]    OK   OHLC 정합성
11:19:44 [INFO   ]    OK   거래량 음수 (0)
11:19:44 [INFO   ]   완료    (1.4 초)
11:19:44 [INFO   ] [Load]
11:19:46 [INFO   ]   적재 완료 - 신규: 0 건, 갱신: 90000 건
11:19:46 [INFO   ]   입력:   90,000 행
11:19:46 [INFO   ]   신규:        0 행
11:19:46 [INFO   ]   갱신:   90,000 행
11:19:46 [INFO   ]   소요:      1.4 초
11:19:46 [INFO   ] [Verify]
11:19:46 [INFO   ]   OK   행 수          90000 / 90000
11:19:46 [INFO   ]   OK   종목 수         120 / 120
11:19:46 [INFO   ]   OK   종가 합계        4165425900 / 4165425900
11:19:46 [INFO   ]   OK   최소 날짜        2023-09-25 / 2023-09-25
11:19:46 [INFO   ]   OK   최대 날짜        2026-09-07 / 2026-09-07
11:19:46 [INFO   ] ----------------------------------------------------------------------------------------------------
11:19:46 [INFO   ]   완료 총 3.1 초
11:19:46 [INFO   ] ----------------------------------------------------------------------------------------------------
